This is XeTeX, Version 3.141592653-2.6-0.999994 (TeX Live 2022) (preloaded format=xelatex 2022.8.8)  6 OCT 2025 20:31
entering extended mode
 restricted \write18 enabled.
 %&-line parsing enabled.
**NCDE.tex
(./NCDE.tex
LaTeX2e <2021-11-15> patch level 1
L3 programming layer <2022-02-24>
(e:/LaTeX/Tex Live/2022/texmf-dist/tex/latex/ctex/ctexart.cls
(e:/LaTeX/Tex Live/2022/texmf-dist/tex/latex/ctex/config/ctexbackend.cfg
File: ctexbackend.cfg 2021/12/12 v2.5.8 Backend configuration file (CTEX)
)
(e:/LaTeX/Tex Live/2022/texmf-dist/tex/latex/l3kernel/expl3.sty
Package: expl3 2022-02-24 L3 programming layer (loader) 

(e:/LaTeX/Tex Live/2022/texmf-dist/tex/latex/l3backend/l3backend-xetex.def
File: l3backend-xetex.def 2022-02-07 L3 backend support: XeTeX

(|extractbb --version)
\c__kernel_sys_dvipdfmx_version_int=\count181
\l__color_backend_stack_int=\count182
\g__color_backend_stack_int=\count183
\g__graphics_track_int=\count184
\l__pdf_internal_box=\box50
\g__pdf_backend_object_int=\count185
\g__pdf_backend_annotation_int=\count186
\g__pdf_backend_link_int=\count187
))
Document Class: ctexart 2021/12/12 v2.5.8 Chinese adapter for class article (CT
EX)
(e:/LaTeX/Tex Live/2022/texmf-dist/tex/latex/l3packages/xparse/xparse.sty
Package: xparse 2022-01-12 L3 Experimental document command parser
)
(e:/LaTeX/Tex Live/2022/texmf-dist/tex/latex/l3packages/l3keys2e/l3keys2e.sty
Package: l3keys2e 2022-01-12 LaTeX2e option processing using LaTeX3 keys
)
(e:/LaTeX/Tex Live/2022/texmf-dist/tex/latex/ctex/ctexhook.sty
Package: ctexhook 2021/12/12 v2.5.8 Document and package hooks (CTEX)
)
(e:/LaTeX/Tex Live/2022/texmf-dist/tex/latex/ctex/ctexpatch.sty
Package: ctexpatch 2021/12/12 v2.5.8 Patching commands (CTEX)
)
(e:/LaTeX/Tex Live/2022/texmf-dist/tex/latex/base/fix-cm.sty
Package: fix-cm 2020/11/24 v1.1t fixes to LaTeX

(e:/LaTeX/Tex Live/2022/texmf-dist/tex/latex/base/ts1enc.def
File: ts1enc.def 2001/06/05 v3.0e (jk/car/fm) Standard LaTeX file
LaTeX Font Info:    Redeclaring font encoding TS1 on input line 47.
))
\l__ctex_tmp_int=\count188
\l__ctex_tmp_box=\box51
\l__ctex_tmp_dim=\dimen138
\g__ctex_section_depth_int=\count189
\g__ctex_font_size_int=\count190

(e:/LaTeX/Tex Live/2022/texmf-dist/tex/latex/ctex/config/ctexopts.cfg
File: ctexopts.cfg 2021/12/12 v2.5.8 Option configuration file (CTEX)
)
(e:/LaTeX/Tex Live/2022/texmf-dist/tex/latex/base/article.cls
Document Class: article 2021/10/04 v1.4n Standard LaTeX document class
(e:/LaTeX/Tex Live/2022/texmf-dist/tex/latex/base/size10.clo
File: size10.clo 2021/10/04 v1.4n Standard LaTeX file (size option)
)
\c@part=\count191
\c@section=\count192
\c@subsection=\count193
\c@subsubsection=\count194
\c@paragraph=\count195
\c@subparagraph=\count196
\c@figure=\count197
\c@table=\count198
\abovecaptionskip=\skip47
\belowcaptionskip=\skip48
\bibindent=\dimen139
)
(e:/LaTeX/Tex Live/2022/texmf-dist/tex/latex/ctex/engine/ctex-engine-xetex.def
File: ctex-engine-xetex.def 2021/12/12 v2.5.8 XeLaTeX adapter (CTEX)

(e:/LaTeX/Tex Live/2022/texmf-dist/tex/xelatex/xecjk/xeCJK.sty
Package: xeCJK 2021/12/12 v3.8.8 Typesetting CJK scripts with XeLaTeX

(e:/LaTeX/Tex Live/2022/texmf-dist/tex/latex/l3packages/xtemplate/xtemplate.sty
Package: xtemplate 2022-01-12 L3 Experimental prototype document functions
\l__xtemplate_tmp_dim=\dimen140
\l__xtemplate_tmp_int=\count199
\l__xtemplate_tmp_muskip=\muskip16
\l__xtemplate_tmp_skip=\skip49
)
\l__xeCJK_tmp_int=\count266
\l__xeCJK_tmp_box=\box52
\l__xeCJK_tmp_dim=\dimen141
\l__xeCJK_tmp_skip=\skip50
\g__xeCJK_space_factor_int=\count267
\l__xeCJK_begin_int=\count268
\l__xeCJK_end_int=\count269
\c__xeCJK_CJK_class_int=\XeTeXcharclass1
\c__xeCJK_FullLeft_class_int=\XeTeXcharclass2
\c__xeCJK_FullRight_class_int=\XeTeXcharclass3
\c__xeCJK_HalfLeft_class_int=\XeTeXcharclass4
\c__xeCJK_HalfRight_class_int=\XeTeXcharclass5
\c__xeCJK_NormalSpace_class_int=\XeTeXcharclass6
\c__xeCJK_CM_class_int=\XeTeXcharclass7
\c__xeCJK_HangulJamo_class_int=\XeTeXcharclass8
\l__xeCJK_last_skip=\skip51
\g__xeCJK_node_int=\count270
\c__xeCJK_CJK_node_dim=\dimen142
\c__xeCJK_CJK-space_node_dim=\dimen143
\c__xeCJK_default_node_dim=\dimen144
\c__xeCJK_default-space_node_dim=\dimen145
\c__xeCJK_CJK-widow_node_dim=\dimen146
\c__xeCJK_normalspace_node_dim=\dimen147
\l__xeCJK_ccglue_skip=\skip52
\l__xeCJK_ecglue_skip=\skip53
\l__xeCJK_punct_kern_skip=\skip54
\l__xeCJK_last_penalty_int=\count271
\l__xeCJK_last_bound_dim=\dimen148
\l__xeCJK_last_kern_dim=\dimen149
\l__xeCJK_widow_penalty_int=\count272

Package xtemplate Info: Declaring object type 'xeCJK/punctuation' taking 0
(xtemplate)             argument(s) on line 2337.

\l__xeCJK_fixed_punct_width_dim=\dimen150
\l__xeCJK_mixed_punct_width_dim=\dimen151
\l__xeCJK_middle_punct_width_dim=\dimen152
\l__xeCJK_fixed_margin_width_dim=\dimen153
\l__xeCJK_mixed_margin_width_dim=\dimen154
\l__xeCJK_middle_margin_width_dim=\dimen155
\l__xeCJK_bound_punct_width_dim=\dimen156
\l__xeCJK_bound_margin_width_dim=\dimen157
\l__xeCJK_margin_minimum_dim=\dimen158
\l__xeCJK_kerning_total_width_dim=\dimen159
\l__xeCJK_same_align_margin_dim=\dimen160
\l__xeCJK_different_align_margin_dim=\dimen161
\l__xeCJK_kerning_margin_width_dim=\dimen162
\l__xeCJK_kerning_margin_minimum_dim=\dimen163
\l__xeCJK_bound_dim=\dimen164
\l__xeCJK_reverse_bound_dim=\dimen165
\l__xeCJK_margin_dim=\dimen166
\l__xeCJK_minimum_bound_dim=\dimen167
\l__xeCJK_kerning_margin_dim=\dimen168
\g__xeCJK_family_int=\count273
\l__xeCJK_fam_int=\count274
\g__xeCJK_fam_allocation_int=\count275
\l__xeCJK_verb_case_int=\count276
\l__xeCJK_verb_exspace_skip=\skip55
 (e:/LaTeX/Tex Live/2022/texmf-dist/tex/latex/fontspec/fontspec.sty
Package: fontspec 2022/01/15 v2.8a Font selection for XeLaTeX and LuaLaTeX

(e:/LaTeX/Tex Live/2022/texmf-dist/tex/latex/fontspec/fontspec-xetex.sty
Package: fontspec-xetex 2022/01/15 v2.8a Font selection for XeLaTeX and LuaLaTe
X
\l__fontspec_script_int=\count277
\l__fontspec_language_int=\count278
\l__fontspec_strnum_int=\count279
\l__fontspec_tmp_int=\count280
\l__fontspec_tmpa_int=\count281
\l__fontspec_tmpb_int=\count282
\l__fontspec_tmpc_int=\count283
\l__fontspec_em_int=\count284
\l__fontspec_emdef_int=\count285
\l__fontspec_strong_int=\count286
\l__fontspec_strongdef_int=\count287
\l__fontspec_tmpa_dim=\dimen169
\l__fontspec_tmpb_dim=\dimen170
\l__fontspec_tmpc_dim=\dimen171

(e:/LaTeX/Tex Live/2022/texmf-dist/tex/latex/base/fontenc.sty
Package: fontenc 2021/04/29 v2.0v Standard LaTeX package
)
(e:/LaTeX/Tex Live/2022/texmf-dist/tex/latex/fontspec/fontspec.cfg)))
(e:/LaTeX/Tex Live/2022/texmf-dist/tex/xelatex/xecjk/xeCJK.cfg
File: xeCJK.cfg 2021/12/12 v3.8.8 Configuration file for xeCJK package
))
\ccwd=\dimen172
\l__ctex_ccglue_skip=\skip56
)
\l__ctex_ziju_dim=\dimen173

(e:/LaTeX/Tex Live/2022/texmf-dist/tex/latex/zhnumber/zhnumber.sty
Package: zhnumber 2020/05/01 v2.8 Typesetting numbers with Chinese glyphs
\l__zhnum_scale_int=\count288

(e:/LaTeX/Tex Live/2022/texmf-dist/tex/latex/zhnumber/zhnumber-utf8.cfg
File: zhnumber-utf8.cfg 2020/05/01 v2.8 Chinese numerals with UTF8 encoding
))
\l__ctex_heading_skip=\skip57

(e:/LaTeX/Tex Live/2022/texmf-dist/tex/latex/ctex/scheme/ctex-scheme-chinese-ar
ticle.def
File: ctex-scheme-chinese-article.def 2021/12/12 v2.5.8 Chinese scheme for arti
cle (CTEX)

(e:/LaTeX/Tex Live/2022/texmf-dist/tex/latex/ctex/config/ctex-name-utf8.cfg
File: ctex-name-utf8.cfg 2021/12/12 v2.5.8 Caption with encoding UTF-8 (CTEX)
))
(e:/LaTeX/Tex Live/2022/texmf-dist/tex/latex/ctex/ctex-c5size.clo
File: ctex-c5size.clo 2021/12/12 v2.5.8 c5size option (CTEX)
)
(e:/LaTeX/Tex Live/2022/texmf-dist/tex/latex/ctex/fontset/ctex-fontset-windows.
def
File: ctex-fontset-windows.def 2021/12/12 v2.5.8 Windows fonts definition (CTEX
)

Package fontspec Info: Could not resolve font "KaiTi/B" (it probably doesn't
(fontspec)             exist).


Package fontspec Info: Could not resolve font "SimHei/I" (it probably doesn't
(fontspec)             exist).


Package fontspec Info: Could not resolve font "SimSun/BI" (it probably doesn't
(fontspec)             exist).


Package fontspec Info: Font family 'SimSun(0)' created for font 'SimSun' with
(fontspec)             options
(fontspec)             [Script={CJK},BoldFont={SimHei},ItalicFont={KaiTi}].
(fontspec)              
(fontspec)              This font family consists of the following NFSS
(fontspec)             series/shapes:
(fontspec)              
(fontspec)             - 'normal' (m/n) with NFSS spec.:
(fontspec)             <->"SimSun/OT:script=hani;language=dflt;"
(fontspec)             - 'small caps'  (m/sc) with NFSS spec.: 
(fontspec)             - 'bold' (b/n) with NFSS spec.:
(fontspec)             <->"SimHei/OT:script=hani;language=dflt;"
(fontspec)             - 'bold small caps'  (b/sc) with NFSS spec.: 
(fontspec)             - 'italic' (m/it) with NFSS spec.:
(fontspec)             <->"KaiTi/OT:script=hani;language=dflt;"
(fontspec)             - 'italic small caps'  (m/scit) with NFSS spec.: 

)) (e:/LaTeX/Tex Live/2022/texmf-dist/tex/latex/ctex/config/ctex.cfg
File: ctex.cfg 2021/12/12 v2.5.8 Configuration file (CTEX)
)
! Missing \endcsname inserted.
<to be read again> 
                   \protect 
l.16 
     
The control sequence marked <to be read again> should
not appear between \csname and \endcsname.

! Use of \??? doesn't match its definition.
<argument> \???  
                 ! LaTeX3 Error: \protect invalid in file name. Lost: \TU\te...
l.16 
     
If you say, e.g., `\def\a1{...}', then you must always
put `1' after `\a', since control sequence names are
made up of letters only. The macro here has not been
followed by the required stuff, so I'm ignoring it.

! Missing \endcsname inserted.
<to be read again> 
                   \protect 
l.16 
     
The control sequence marked <to be read again> should
not appear between \csname and \endcsname.

! Use of \??? doesn't match its definition.
<argument> \???  
                 ! LaTeX3 Error: \protect invalid in file name. Lost: \TU\te...
l.16 
     
If you say, e.g., `\def\a1{...}', then you must always
put `1' after `\a', since control sequence names are
made up of letters only. The macro here has not been
followed by the required stuff, so I'm ignoring it.

Runaway argument?
neurips\@nil \@pushfilename \xdef \@currname {\string@makeletter \reserved@a \E
TC.
! Paragraph ended before \reserved@c was complete.
<to be read again> 
                   \par 
l.16 
     
I suspect you've forgotten a `}', causing me to apply this
control sequence to too much text. How can we recover?
My plan is to forget the whole thing and hope for the best.

(e:/LaTeX/Tex Live/2022/texmf-dist/tex/latex/pbox/pbox.sty
Package: pbox 2011/12/07 v1.2 Dynamic parboxes

(e:/LaTeX/Tex Live/2022/texmf-dist/tex/latex/tools/calc.sty
Package: calc 2017/05/25 v4.3 Infix arithmetic (KKT,FJ)
\calc@Acount=\count289
\calc@Bcount=\count290
\calc@Adimen=\dimen174
\calc@Bdimen=\dimen175
\calc@Askip=\skip58
\calc@Bskip=\skip59
LaTeX Info: Redefining \setlength on input line 80.
LaTeX Info: Redefining \addtolength on input line 81.
\calc@Ccount=\count291
\calc@Cskip=\skip60
)
(e:/LaTeX/Tex Live/2022/texmf-dist/tex/latex/base/ifthen.sty
Package: ifthen 2020/11/24 v1.1c Standard LaTeX ifthen package (DPC)
)
\pb@xlen=\skip61
)
(e:/LaTeX/Tex Live/2022/texmf-dist/tex/latex/base/inputenc.sty
Package: inputenc 2021/02/14 v1.3d Input encoding file
\inpenc@prehook=\toks16
\inpenc@posthook=\toks17


Package inputenc Warning: inputenc package ignored with utf8 based engines.

) (e:/LaTeX/Tex Live/2022/texmf-dist/tex/latex/hyperref/hyperref.sty
Package: hyperref 2022-02-21 v7.00n Hypertext links for LaTeX

(e:/LaTeX/Tex Live/2022/texmf-dist/tex/generic/ltxcmds/ltxcmds.sty
Package: ltxcmds 2020-05-10 v1.25 LaTeX kernel commands for general use (HO)
)
(e:/LaTeX/Tex Live/2022/texmf-dist/tex/generic/iftex/iftex.sty
Package: iftex 2022/02/03 v1.0f TeX engine tests
)
(e:/LaTeX/Tex Live/2022/texmf-dist/tex/generic/pdftexcmds/pdftexcmds.sty
Package: pdftexcmds 2020-06-27 v0.33 Utility functions of pdfTeX for LuaTeX (HO
)

(e:/LaTeX/Tex Live/2022/texmf-dist/tex/generic/infwarerr/infwarerr.sty
Package: infwarerr 2019/12/03 v1.5 Providing info/warning/error messages (HO)
)
Package pdftexcmds Info: \pdf@primitive is available.
Package pdftexcmds Info: \pdf@ifprimitive is available.
Package pdftexcmds Info: \pdfdraftmode not found.
)
(e:/LaTeX/Tex Live/2022/texmf-dist/tex/latex/graphics/keyval.sty
Package: keyval 2014/10/28 v1.15 key=value parser (DPC)
\KV@toks@=\toks18
)
(e:/LaTeX/Tex Live/2022/texmf-dist/tex/generic/kvsetkeys/kvsetkeys.sty
Package: kvsetkeys 2019/12/15 v1.18 Key value parser (HO)
)
(e:/LaTeX/Tex Live/2022/texmf-dist/tex/generic/kvdefinekeys/kvdefinekeys.sty
Package: kvdefinekeys 2019-12-19 v1.6 Define keys (HO)
)
(e:/LaTeX/Tex Live/2022/texmf-dist/tex/generic/pdfescape/pdfescape.sty
Package: pdfescape 2019/12/09 v1.15 Implements pdfTeX's escape features (HO)
)
(e:/LaTeX/Tex Live/2022/texmf-dist/tex/latex/hycolor/hycolor.sty
Package: hycolor 2020-01-27 v1.10 Color options for hyperref/bookmark (HO)
)
(e:/LaTeX/Tex Live/2022/texmf-dist/tex/latex/letltxmacro/letltxmacro.sty
Package: letltxmacro 2019/12/03 v1.6 Let assignment for LaTeX macros (HO)
)
(e:/LaTeX/Tex Live/2022/texmf-dist/tex/latex/auxhook/auxhook.sty
Package: auxhook 2019-12-17 v1.6 Hooks for auxiliary files (HO)
)
(e:/LaTeX/Tex Live/2022/texmf-dist/tex/latex/kvoptions/kvoptions.sty
Package: kvoptions 2020-10-07 v3.14 Key value format for package options (HO)
)
\@linkdim=\dimen176
\Hy@linkcounter=\count292
\Hy@pagecounter=\count293

(e:/LaTeX/Tex Live/2022/texmf-dist/tex/latex/hyperref/pd1enc.def
File: pd1enc.def 2022-02-21 v7.00n Hyperref: PDFDocEncoding definition (HO)
)
(e:/LaTeX/Tex Live/2022/texmf-dist/tex/generic/intcalc/intcalc.sty
Package: intcalc 2019/12/15 v1.3 Expandable calculations with integers (HO)
)
(e:/LaTeX/Tex Live/2022/texmf-dist/tex/generic/etexcmds/etexcmds.sty
Package: etexcmds 2019/12/15 v1.7 Avoid name clashes with e-TeX commands (HO)
)
\Hy@SavedSpaceFactor=\count294

(e:/LaTeX/Tex Live/2022/texmf-dist/tex/latex/hyperref/puenc.def
File: puenc.def 2022-02-21 v7.00n Hyperref: PDF Unicode definition (HO)
)
Package hyperref Info: Option `unicode' set `true' on input line 4018.
Package hyperref Info: Hyper figures OFF on input line 4137.
Package hyperref Info: Link nesting OFF on input line 4142.
Package hyperref Info: Hyper index ON on input line 4145.
Package hyperref Info: Plain pages OFF on input line 4152.
Package hyperref Info: Backreferencing OFF on input line 4157.
Package hyperref Info: Implicit mode ON; LaTeX internals redefined.
Package hyperref Info: Bookmarks ON on input line 4390.
\c@Hy@tempcnt=\count295

(e:/LaTeX/Tex Live/2022/texmf-dist/tex/latex/url/url.sty
\Urlmuskip=\muskip17
Package: url 2013/09/16  ver 3.4  Verb mode for urls, etc.
)
LaTeX Info: Redefining \url on input line 4749.
\XeTeXLinkMargin=\dimen177

(e:/LaTeX/Tex Live/2022/texmf-dist/tex/generic/bitset/bitset.sty
Package: bitset 2019/12/09 v1.3 Handle bit-vector datatype (HO)

(e:/LaTeX/Tex Live/2022/texmf-dist/tex/generic/bigintcalc/bigintcalc.sty
Package: bigintcalc 2019/12/15 v1.5 Expandable calculations on big integers (HO
)
))
\Fld@menulength=\count296
\Field@Width=\dimen178
\Fld@charsize=\dimen179
Package hyperref Info: Hyper figures OFF on input line 6027.
Package hyperref Info: Link nesting OFF on input line 6032.
Package hyperref Info: Hyper index ON on input line 6035.
Package hyperref Info: backreferencing OFF on input line 6042.
Package hyperref Info: Link coloring OFF on input line 6047.
Package hyperref Info: Link coloring with OCG OFF on input line 6052.
Package hyperref Info: PDF/A mode OFF on input line 6057.
LaTeX Info: Redefining \ref on input line 6097.
LaTeX Info: Redefining \pageref on input line 6101.

(e:/LaTeX/Tex Live/2022/texmf-dist/tex/latex/base/atbegshi-ltx.sty
Package: atbegshi-ltx 2021/01/10 v1.0c Emulation of the original atbegshi
package with kernel methods
)
\Hy@abspage=\count297
\c@Item=\count298
\c@Hfootnote=\count299
)
Package hyperref Info: Driver (autodetected): hxetex.

(e:/LaTeX/Tex Live/2022/texmf-dist/tex/latex/hyperref/hxetex.def
File: hxetex.def 2022-02-21 v7.00n Hyperref driver for XeTeX

(e:/LaTeX/Tex Live/2022/texmf-dist/tex/generic/stringenc/stringenc.sty
Package: stringenc 2019/11/29 v1.12 Convert strings between diff. encodings (HO
)
)
\pdfm@box=\box53
\c@Hy@AnnotLevel=\count300
\HyField@AnnotCount=\count301
\Fld@listcount=\count302
\c@bookmark@seq@number=\count303

(e:/LaTeX/Tex Live/2022/texmf-dist/tex/latex/rerunfilecheck/rerunfilecheck.sty
Package: rerunfilecheck 2019/12/05 v1.9 Rerun checks for auxiliary files (HO)

(e:/LaTeX/Tex Live/2022/texmf-dist/tex/latex/base/atveryend-ltx.sty
Package: atveryend-ltx 2020/08/19 v1.0a Emulation of the original atveryend pac
kage
with kernel methods
)
(e:/LaTeX/Tex Live/2022/texmf-dist/tex/generic/uniquecounter/uniquecounter.sty
Package: uniquecounter 2019/12/15 v1.4 Provide unlimited unique counter (HO)
)
Package uniquecounter Info: New unique counter `rerunfilecheck' on input line 2
86.
)
\Hy@SectionHShift=\skip62
) (e:/LaTeX/Tex Live/2022/texmf-dist/tex/latex/booktabs/booktabs.sty
Package: booktabs 2020/01/12 v1.61803398 Publication quality tables
\heavyrulewidth=\dimen180
\lightrulewidth=\dimen181
\cmidrulewidth=\dimen182
\belowrulesep=\dimen183
\belowbottomsep=\dimen184
\aboverulesep=\dimen185
\abovetopsep=\dimen186
\cmidrulesep=\dimen187
\cmidrulekern=\dimen188
\defaultaddspace=\dimen189
\@cmidla=\count304
\@cmidlb=\count305
\@aboverulesep=\dimen190
\@belowrulesep=\dimen191
\@thisruleclass=\count306
\@lastruleclass=\count307
\@thisrulewidth=\dimen192
)
(e:/LaTeX/Tex Live/2022/texmf-dist/tex/latex/multirow/multirow.sty
Package: multirow 2021/03/15 v2.8 Span multiple rows of a table
\multirow@colwidth=\skip63
\multirow@cntb=\count308
\multirow@dima=\skip64
\bigstrutjot=\dimen193
)
(e:/LaTeX/Tex Live/2022/texmf-dist/tex/latex/amsfonts/amsfonts.sty
Package: amsfonts 2013/01/14 v3.01 Basic AMSFonts support
\@emptytoks=\toks19
\symAMSa=\mathgroup4
\symAMSb=\mathgroup5
LaTeX Font Info:    Redeclaring math symbol \hbar on input line 98.
LaTeX Font Info:    Overwriting math alphabet `\mathfrak' in version `bold'
(Font)                  U/euf/m/n --> U/euf/b/n on input line 106.
)
(e:/LaTeX/Tex Live/2022/texmf-dist/tex/latex/amsmath/amsmath.sty
Package: amsmath 2021/10/15 v2.17l AMS math features
\@mathmargin=\skip65

For additional information on amsmath, use the `?' option.
(e:/LaTeX/Tex Live/2022/texmf-dist/tex/latex/amsmath/amstext.sty
Package: amstext 2021/08/26 v2.01 AMS text

(e:/LaTeX/Tex Live/2022/texmf-dist/tex/latex/amsmath/amsgen.sty
File: amsgen.sty 1999/11/30 v2.0 generic functions
\@emptytoks=\toks20
\ex@=\dimen194
))
(e:/LaTeX/Tex Live/2022/texmf-dist/tex/latex/amsmath/amsbsy.sty
Package: amsbsy 1999/11/29 v1.2d Bold Symbols
\pmbraise@=\dimen195
)
(e:/LaTeX/Tex Live/2022/texmf-dist/tex/latex/amsmath/amsopn.sty
Package: amsopn 2021/08/26 v2.02 operator names
)
\inf@bad=\count309
LaTeX Info: Redefining \frac on input line 234.
\uproot@=\count310
\leftroot@=\count311
LaTeX Info: Redefining \overline on input line 399.
\classnum@=\count312
\DOTSCASE@=\count313
LaTeX Info: Redefining \ldots on input line 496.
LaTeX Info: Redefining \dots on input line 499.
LaTeX Info: Redefining \cdots on input line 620.
\Mathstrutbox@=\box54
\strutbox@=\box55
\big@size=\dimen196
LaTeX Font Info:    Redeclaring font encoding OML on input line 743.
LaTeX Font Info:    Redeclaring font encoding OMS on input line 744.
\macc@depth=\count314
\c@MaxMatrixCols=\count315
\dotsspace@=\muskip18
\c@parentequation=\count316
\dspbrk@lvl=\count317
\tag@help=\toks21
\row@=\count318
\column@=\count319
\maxfields@=\count320
\andhelp@=\toks22
\eqnshift@=\dimen197
\alignsep@=\dimen198
\tagshift@=\dimen199
\tagwidth@=\dimen256
\totwidth@=\dimen257
\lineht@=\dimen258
\@envbody=\toks23
\multlinegap=\skip66
\multlinetaggap=\skip67
\mathdisplay@stack=\toks24
LaTeX Info: Redefining \[ on input line 2938.
LaTeX Info: Redefining \] on input line 2939.
)
(e:/LaTeX/Tex Live/2022/texmf-dist/tex/latex/graphics/graphicx.sty
Package: graphicx 2021/09/16 v1.2d Enhanced LaTeX Graphics (DPC,SPQR)

(e:/LaTeX/Tex Live/2022/texmf-dist/tex/latex/graphics/graphics.sty
Package: graphics 2021/03/04 v1.4d Standard LaTeX Graphics (DPC,SPQR)

(e:/LaTeX/Tex Live/2022/texmf-dist/tex/latex/graphics/trig.sty
Package: trig 2021/08/11 v1.11 sin cos tan (DPC)
)
(e:/LaTeX/Tex Live/2022/texmf-dist/tex/latex/graphics-cfg/graphics.cfg
File: graphics.cfg 2016/06/04 v1.11 sample graphics configuration
)
Package graphics Info: Driver file: xetex.def on input line 107.

(e:/LaTeX/Tex Live/2022/texmf-dist/tex/latex/graphics-def/xetex.def
File: xetex.def 2021/03/18 v5.0k Graphics/color driver for xetex
))
\Gin@req@height=\dimen259
\Gin@req@width=\dimen260
)
(e:/LaTeX/Tex Live/2022/texmf-dist/tex/latex/wrapfig/wrapfig.sty
\wrapoverhang=\dimen261
\WF@size=\dimen262
\c@WF@wrappedlines=\count321
\WF@box=\box56
\WF@everypar=\toks25
Package: wrapfig 2003/01/31  v 3.6
)
(e:/LaTeX/Tex Live/2022/texmf-dist/tex/latex/lipsum/lipsum.sty
Package: lipsum 2021-09-20 v2.7 150 paragraphs of Lorem Ipsum dummy text
\g__lipsum_par_int=\count322
\l__lipsum_a_int=\count323
\l__lipsum_b_int=\count324

(e:/LaTeX/Tex Live/2022/texmf-dist/tex/latex/lipsum/lipsum.ltd.tex))
(e:/LaTeX/Tex Live/2022/texmf-dist/tex/latex/mathtools/empheq.sty
Package: empheq 2017/03/31 v2.15 Emphasizing equations

(e:/LaTeX/Tex Live/2022/texmf-dist/tex/latex/mathtools/mhsetup.sty
Package: mhsetup 2021/03/18 v1.4 programming setup (MH)
)
(e:/LaTeX/Tex Live/2022/texmf-dist/tex/latex/mathtools/mathtools.sty
Package: mathtools 2022/02/07 v1.28a mathematical typesetting tools
\g_MT_multlinerow_int=\count325
\l_MT_multwidth_dim=\dimen263
\origjot=\skip68
\l_MT_shortvdotswithinadjustabove_dim=\dimen264
\l_MT_shortvdotswithinadjustbelow_dim=\dimen265
\l_MT_above_intertext_sep=\dimen266
\l_MT_below_intertext_sep=\dimen267
\l_MT_above_shortintertext_sep=\dimen268
\l_MT_below_shortintertext_sep=\dimen269
\xmathstrut@box=\box57
\xmathstrut@dim=\dimen270
)
\l_EQ_equationtype_int=\count326
\l_EQ_alignmentmode_int=\count327
\l_EQ_totalwidth_dim=\dimen271
\l_EQ_displaywidth_dim=\dimen272
\l_EQ_temp_linewidth_dim=\dimen273
\l_EQ_linewidth_dim=\dimen274
\EmphEqdelimitershortfall=\dimen275
\EmphEqdelimiterfactor=\count328
\g_EQ_toptag_height_dim=\dimen276
\g_EQ_bottomtag_depth_dim=\dimen277
\g_EQ_toprow_height_dim=\dimen278
\g_EQ_bottomrow_depth_dim=\dimen279
\g_EQ_widesttag_dim=\dimen280
\EQ_mathdisplay_box=\box58
\EQ_tag_box=\box59
\g_EQ_temprow_int=\count329
)
(e:/LaTeX/Tex Live/2022/texmf-dist/tex/latex/amscls/amsthm.sty
Package: amsthm 2020/05/29 v2.20.6
\thm@style=\toks26
\thm@bodyfont=\toks27
\thm@headfont=\toks28
\thm@notefont=\toks29
\thm@headpunct=\toks30
\thm@preskip=\skip69
\thm@postskip=\skip70
\thm@headsep=\skip71
\dth@everypar=\toks31
)
(e:/LaTeX/Tex Live/2022/texmf-dist/tex/latex/caption/caption.sty
Package: caption 2022/03/01 v3.6b Customizing captions (AR)

(e:/LaTeX/Tex Live/2022/texmf-dist/tex/latex/caption/caption3.sty
Package: caption3 2022/03/17 v2.3b caption3 kernel (AR)
\caption@tempdima=\dimen281
\captionmargin=\dimen282
\caption@leftmargin=\dimen283
\caption@rightmargin=\dimen284
\caption@width=\dimen285
\caption@indent=\dimen286
\caption@parindent=\dimen287
\caption@hangindent=\dimen288
Package caption Info: Standard document class detected.
)
\c@caption@flags=\count330
\c@continuedfloat=\count331
Package caption Info: hyperref package is loaded.
Package caption Info: wrapfig package is loaded.
)
(e:/LaTeX/Tex Live/2022/texmf-dist/tex/latex/caption/subcaption.sty
Package: subcaption 2022/01/07 v1.5 Sub-captions (AR)
\c@subfigure=\count332
\c@subtable=\count333
)
(e:/LaTeX/Tex Live/2022/texmf-dist/tex/latex/jknapltx/mathrsfs.sty
Package: mathrsfs 1996/01/01 Math RSFS package v1.0 (jk)
\symrsfs=\mathgroup6
)
(e:/LaTeX/Tex Live/2022/texmf-dist/tex/latex/amsfonts/amssymb.sty
Package: amssymb 2013/01/14 v3.01 AMS font symbols
)
(e:/LaTeX/Tex Live/2022/texmf-dist/tex/latex/thmtools/thmtools.sty
Package: thmtools 2020/08/01 v0.72
\thmt@toks=\toks32
\c@thmt@dummyctr=\count334

(e:/LaTeX/Tex Live/2022/texmf-dist/tex/latex/thmtools/thm-patch.sty
Package: thm-patch 2020/08/01 v0.72

(e:/LaTeX/Tex Live/2022/texmf-dist/tex/latex/thmtools/parseargs.sty
Package: parseargs 2020/08/01 v0.72
\@parsespec=\toks33
))
(e:/LaTeX/Tex Live/2022/texmf-dist/tex/latex/thmtools/thm-kv.sty
Package: thm-kv 2020/08/01 v0.72
Package thm-kv Info: Theorem names will be uppercased on input line 42.
Package thm-kv Info: kvsetkeys patch (v1.16 or later) on input line 158.
)
(e:/LaTeX/Tex Live/2022/texmf-dist/tex/latex/thmtools/thm-autoref.sty
Package: thm-autoref 2020/08/01 v0.72

(e:/LaTeX/Tex Live/2022/texmf-dist/tex/latex/thmtools/aliasctr.sty
Package: aliasctr 2020/08/01 v0.72
))
(e:/LaTeX/Tex Live/2022/texmf-dist/tex/latex/thmtools/thm-listof.sty
Package: thm-listof 2020/08/01 v0.72
)
(e:/LaTeX/Tex Live/2022/texmf-dist/tex/latex/thmtools/thm-restate.sty
Package: thm-restate 2020/08/01 v0.72
)
(e:/LaTeX/Tex Live/2022/texmf-dist/tex/latex/thmtools/thm-amsthm.sty
Package: thm-amsthm 2020/08/01 v0.72
\thmt@style@headstyle=\toks34
))
(e:/LaTeX/Tex Live/2022/texmf-dist/tex/latex/pgf/frontendlayer/tikz.sty
(e:/LaTeX/Tex Live/2022/texmf-dist/tex/latex/pgf/basiclayer/pgf.sty
(e:/LaTeX/Tex Live/2022/texmf-dist/tex/latex/pgf/utilities/pgfrcs.sty
(e:/LaTeX/Tex Live/2022/texmf-dist/tex/generic/pgf/utilities/pgfutil-common.tex
\pgfutil@everybye=\toks35
\pgfutil@tempdima=\dimen289
\pgfutil@tempdimb=\dimen290

(e:/LaTeX/Tex Live/2022/texmf-dist/tex/generic/pgf/utilities/pgfutil-common-lis
ts.tex))
(e:/LaTeX/Tex Live/2022/texmf-dist/tex/generic/pgf/utilities/pgfutil-latex.def
\pgfutil@abb=\box60
) (e:/LaTeX/Tex Live/2022/texmf-dist/tex/generic/pgf/utilities/pgfrcs.code.tex
(e:/LaTeX/Tex Live/2022/texmf-dist/tex/generic/pgf/pgf.revision.tex)
Package: pgfrcs 2021/05/15 v3.1.9a (3.1.9a)
))
Package: pgf 2021/05/15 v3.1.9a (3.1.9a)

(e:/LaTeX/Tex Live/2022/texmf-dist/tex/latex/pgf/basiclayer/pgfcore.sty
(e:/LaTeX/Tex Live/2022/texmf-dist/tex/latex/pgf/systemlayer/pgfsys.sty
(e:/LaTeX/Tex Live/2022/texmf-dist/tex/generic/pgf/systemlayer/pgfsys.code.tex
Package: pgfsys 2021/05/15 v3.1.9a (3.1.9a)

(e:/LaTeX/Tex Live/2022/texmf-dist/tex/generic/pgf/utilities/pgfkeys.code.tex
\pgfkeys@pathtoks=\toks36
\pgfkeys@temptoks=\toks37

(e:/LaTeX/Tex Live/2022/texmf-dist/tex/generic/pgf/utilities/pgfkeysfiltered.co
de.tex
\pgfkeys@tmptoks=\toks38
))
\pgf@x=\dimen291
\pgf@y=\dimen292
\pgf@xa=\dimen293
\pgf@ya=\dimen294
\pgf@xb=\dimen295
\pgf@yb=\dimen296
\pgf@xc=\dimen297
\pgf@yc=\dimen298
\pgf@xd=\dimen299
\pgf@yd=\dimen300
\w@pgf@writea=\write3
\r@pgf@reada=\read2
\c@pgf@counta=\count335
\c@pgf@countb=\count336
\c@pgf@countc=\count337
\c@pgf@countd=\count338
\t@pgf@toka=\toks39
\t@pgf@tokb=\toks40
\t@pgf@tokc=\toks41
\pgf@sys@id@count=\count339
 (e:/LaTeX/Tex Live/2022/texmf-dist/tex/generic/pgf/systemlayer/pgf.cfg
File: pgf.cfg 2021/05/15 v3.1.9a (3.1.9a)
)
Driver file for pgf: pgfsys-xetex.def

(e:/LaTeX/Tex Live/2022/texmf-dist/tex/generic/pgf/systemlayer/pgfsys-xetex.def
File: pgfsys-xetex.def 2021/05/15 v3.1.9a (3.1.9a)

(e:/LaTeX/Tex Live/2022/texmf-dist/tex/generic/pgf/systemlayer/pgfsys-dvipdfmx.
def
File: pgfsys-dvipdfmx.def 2021/05/15 v3.1.9a (3.1.9a)

(e:/LaTeX/Tex Live/2022/texmf-dist/tex/generic/pgf/systemlayer/pgfsys-common-pd
f.def
File: pgfsys-common-pdf.def 2021/05/15 v3.1.9a (3.1.9a)
)
\pgfsys@objnum=\count340
)))
(e:/LaTeX/Tex Live/2022/texmf-dist/tex/generic/pgf/systemlayer/pgfsyssoftpath.c
ode.tex
File: pgfsyssoftpath.code.tex 2021/05/15 v3.1.9a (3.1.9a)
\pgfsyssoftpath@smallbuffer@items=\count341
\pgfsyssoftpath@bigbuffer@items=\count342
)
(e:/LaTeX/Tex Live/2022/texmf-dist/tex/generic/pgf/systemlayer/pgfsysprotocol.c
ode.tex
File: pgfsysprotocol.code.tex 2021/05/15 v3.1.9a (3.1.9a)
)) (e:/LaTeX/Tex Live/2022/texmf-dist/tex/latex/xcolor/xcolor.sty
Package: xcolor 2021/10/31 v2.13 LaTeX color extensions (UK)

(e:/LaTeX/Tex Live/2022/texmf-dist/tex/latex/graphics-cfg/color.cfg
File: color.cfg 2016/01/02 v1.6 sample color configuration
)
Package xcolor Info: Driver file: xetex.def on input line 227.
Package xcolor Info: Model `cmy' substituted by `cmy0' on input line 1352.
Package xcolor Info: Model `RGB' extended on input line 1368.
Package xcolor Info: Model `HTML' substituted by `rgb' on input line 1370.
Package xcolor Info: Model `Hsb' substituted by `hsb' on input line 1371.
Package xcolor Info: Model `tHsb' substituted by `hsb' on input line 1372.
Package xcolor Info: Model `HSB' substituted by `hsb' on input line 1373.
Package xcolor Info: Model `Gray' substituted by `gray' on input line 1374.
Package xcolor Info: Model `wave' substituted by `hsb' on input line 1375.
)
(e:/LaTeX/Tex Live/2022/texmf-dist/tex/generic/pgf/basiclayer/pgfcore.code.tex
Package: pgfcore 2021/05/15 v3.1.9a (3.1.9a)

(e:/LaTeX/Tex Live/2022/texmf-dist/tex/generic/pgf/math/pgfmath.code.tex
(e:/LaTeX/Tex Live/2022/texmf-dist/tex/generic/pgf/math/pgfmathcalc.code.tex
(e:/LaTeX/Tex Live/2022/texmf-dist/tex/generic/pgf/math/pgfmathutil.code.tex)
(e:/LaTeX/Tex Live/2022/texmf-dist/tex/generic/pgf/math/pgfmathparser.code.tex
\pgfmath@dimen=\dimen301
\pgfmath@count=\count343
\pgfmath@box=\box61
\pgfmath@toks=\toks42
\pgfmath@stack@operand=\toks43
\pgfmath@stack@operation=\toks44
)
(e:/LaTeX/Tex Live/2022/texmf-dist/tex/generic/pgf/math/pgfmathfunctions.code.t
ex
(e:/LaTeX/Tex Live/2022/texmf-dist/tex/generic/pgf/math/pgfmathfunctions.basic.
code.tex)
(e:/LaTeX/Tex Live/2022/texmf-dist/tex/generic/pgf/math/pgfmathfunctions.trigon
ometric.code.tex)
(e:/LaTeX/Tex Live/2022/texmf-dist/tex/generic/pgf/math/pgfmathfunctions.random
.code.tex)
(e:/LaTeX/Tex Live/2022/texmf-dist/tex/generic/pgf/math/pgfmathfunctions.compar
ison.code.tex)
(e:/LaTeX/Tex Live/2022/texmf-dist/tex/generic/pgf/math/pgfmathfunctions.base.c
ode.tex)
(e:/LaTeX/Tex Live/2022/texmf-dist/tex/generic/pgf/math/pgfmathfunctions.round.
code.tex)
(e:/LaTeX/Tex Live/2022/texmf-dist/tex/generic/pgf/math/pgfmathfunctions.misc.c
ode.tex)
(e:/LaTeX/Tex Live/2022/texmf-dist/tex/generic/pgf/math/pgfmathfunctions.intege
rarithmetics.code.tex)))
(e:/LaTeX/Tex Live/2022/texmf-dist/tex/generic/pgf/math/pgfmathfloat.code.tex
\c@pgfmathroundto@lastzeros=\count344
)) (e:/LaTeX/Tex Live/2022/texmf-dist/tex/generic/pgf/math/pgfint.code.tex)
(e:/LaTeX/Tex Live/2022/texmf-dist/tex/generic/pgf/basiclayer/pgfcorepoints.cod
e.tex
File: pgfcorepoints.code.tex 2021/05/15 v3.1.9a (3.1.9a)
\pgf@picminx=\dimen302
\pgf@picmaxx=\dimen303
\pgf@picminy=\dimen304
\pgf@picmaxy=\dimen305
\pgf@pathminx=\dimen306
\pgf@pathmaxx=\dimen307
\pgf@pathminy=\dimen308
\pgf@pathmaxy=\dimen309
\pgf@xx=\dimen310
\pgf@xy=\dimen311
\pgf@yx=\dimen312
\pgf@yy=\dimen313
\pgf@zx=\dimen314
\pgf@zy=\dimen315
)
(e:/LaTeX/Tex Live/2022/texmf-dist/tex/generic/pgf/basiclayer/pgfcorepathconstr
uct.code.tex
File: pgfcorepathconstruct.code.tex 2021/05/15 v3.1.9a (3.1.9a)
\pgf@path@lastx=\dimen316
\pgf@path@lasty=\dimen317
)
(e:/LaTeX/Tex Live/2022/texmf-dist/tex/generic/pgf/basiclayer/pgfcorepathusage.
code.tex
File: pgfcorepathusage.code.tex 2021/05/15 v3.1.9a (3.1.9a)
\pgf@shorten@end@additional=\dimen318
\pgf@shorten@start@additional=\dimen319
)
(e:/LaTeX/Tex Live/2022/texmf-dist/tex/generic/pgf/basiclayer/pgfcorescopes.cod
e.tex
File: pgfcorescopes.code.tex 2021/05/15 v3.1.9a (3.1.9a)
\pgfpic=\box62
\pgf@hbox=\box63
\pgf@layerbox@main=\box64
\pgf@picture@serial@count=\count345
)
(e:/LaTeX/Tex Live/2022/texmf-dist/tex/generic/pgf/basiclayer/pgfcoregraphicsta
te.code.tex
File: pgfcoregraphicstate.code.tex 2021/05/15 v3.1.9a (3.1.9a)
\pgflinewidth=\dimen320
)
(e:/LaTeX/Tex Live/2022/texmf-dist/tex/generic/pgf/basiclayer/pgfcoretransforma
tions.code.tex
File: pgfcoretransformations.code.tex 2021/05/15 v3.1.9a (3.1.9a)
\pgf@pt@x=\dimen321
\pgf@pt@y=\dimen322
\pgf@pt@temp=\dimen323
)
(e:/LaTeX/Tex Live/2022/texmf-dist/tex/generic/pgf/basiclayer/pgfcorequick.code
.tex
File: pgfcorequick.code.tex 2021/05/15 v3.1.9a (3.1.9a)
)
(e:/LaTeX/Tex Live/2022/texmf-dist/tex/generic/pgf/basiclayer/pgfcoreobjects.co
de.tex
File: pgfcoreobjects.code.tex 2021/05/15 v3.1.9a (3.1.9a)
)
(e:/LaTeX/Tex Live/2022/texmf-dist/tex/generic/pgf/basiclayer/pgfcorepathproces
sing.code.tex
File: pgfcorepathprocessing.code.tex 2021/05/15 v3.1.9a (3.1.9a)
)
(e:/LaTeX/Tex Live/2022/texmf-dist/tex/generic/pgf/basiclayer/pgfcorearrows.cod
e.tex
File: pgfcorearrows.code.tex 2021/05/15 v3.1.9a (3.1.9a)
\pgfarrowsep=\dimen324
)
(e:/LaTeX/Tex Live/2022/texmf-dist/tex/generic/pgf/basiclayer/pgfcoreshade.code
.tex
File: pgfcoreshade.code.tex 2021/05/15 v3.1.9a (3.1.9a)
\pgf@max=\dimen325
\pgf@sys@shading@range@num=\count346
\pgf@shadingcount=\count347
)
(e:/LaTeX/Tex Live/2022/texmf-dist/tex/generic/pgf/basiclayer/pgfcoreimage.code
.tex
File: pgfcoreimage.code.tex 2021/05/15 v3.1.9a (3.1.9a)

(e:/LaTeX/Tex Live/2022/texmf-dist/tex/generic/pgf/basiclayer/pgfcoreexternal.c
ode.tex
File: pgfcoreexternal.code.tex 2021/05/15 v3.1.9a (3.1.9a)
\pgfexternal@startupbox=\box65
))
(e:/LaTeX/Tex Live/2022/texmf-dist/tex/generic/pgf/basiclayer/pgfcorelayers.cod
e.tex
File: pgfcorelayers.code.tex 2021/05/15 v3.1.9a (3.1.9a)
)
(e:/LaTeX/Tex Live/2022/texmf-dist/tex/generic/pgf/basiclayer/pgfcoretransparen
cy.code.tex
File: pgfcoretransparency.code.tex 2021/05/15 v3.1.9a (3.1.9a)
)
(e:/LaTeX/Tex Live/2022/texmf-dist/tex/generic/pgf/basiclayer/pgfcorepatterns.c
ode.tex
File: pgfcorepatterns.code.tex 2021/05/15 v3.1.9a (3.1.9a)
)
(e:/LaTeX/Tex Live/2022/texmf-dist/tex/generic/pgf/basiclayer/pgfcorerdf.code.t
ex
File: pgfcorerdf.code.tex 2021/05/15 v3.1.9a (3.1.9a)
)))
(e:/LaTeX/Tex Live/2022/texmf-dist/tex/generic/pgf/modules/pgfmoduleshapes.code
.tex
File: pgfmoduleshapes.code.tex 2021/05/15 v3.1.9a (3.1.9a)
\pgfnodeparttextbox=\box66
)
(e:/LaTeX/Tex Live/2022/texmf-dist/tex/generic/pgf/modules/pgfmoduleplot.code.t
ex
File: pgfmoduleplot.code.tex 2021/05/15 v3.1.9a (3.1.9a)
)
(e:/LaTeX/Tex Live/2022/texmf-dist/tex/latex/pgf/compatibility/pgfcomp-version-
0-65.sty
Package: pgfcomp-version-0-65 2021/05/15 v3.1.9a (3.1.9a)
\pgf@nodesepstart=\dimen326
\pgf@nodesepend=\dimen327
)
(e:/LaTeX/Tex Live/2022/texmf-dist/tex/latex/pgf/compatibility/pgfcomp-version-
1-18.sty
Package: pgfcomp-version-1-18 2021/05/15 v3.1.9a (3.1.9a)
))
(e:/LaTeX/Tex Live/2022/texmf-dist/tex/latex/pgf/utilities/pgffor.sty
(e:/LaTeX/Tex Live/2022/texmf-dist/tex/latex/pgf/utilities/pgfkeys.sty
(e:/LaTeX/Tex Live/2022/texmf-dist/tex/generic/pgf/utilities/pgfkeys.code.tex))
(e:/LaTeX/Tex Live/2022/texmf-dist/tex/latex/pgf/math/pgfmath.sty
(e:/LaTeX/Tex Live/2022/texmf-dist/tex/generic/pgf/math/pgfmath.code.tex))
(e:/LaTeX/Tex Live/2022/texmf-dist/tex/generic/pgf/utilities/pgffor.code.tex
Package: pgffor 2021/05/15 v3.1.9a (3.1.9a)

(e:/LaTeX/Tex Live/2022/texmf-dist/tex/generic/pgf/math/pgfmath.code.tex)
\pgffor@iter=\dimen328
\pgffor@skip=\dimen329
\pgffor@stack=\toks45
\pgffor@toks=\toks46
))
(e:/LaTeX/Tex Live/2022/texmf-dist/tex/generic/pgf/frontendlayer/tikz/tikz.code
.tex
Package: tikz 2021/05/15 v3.1.9a (3.1.9a)

(e:/LaTeX/Tex Live/2022/texmf-dist/tex/generic/pgf/libraries/pgflibraryplothand
lers.code.tex
File: pgflibraryplothandlers.code.tex 2021/05/15 v3.1.9a (3.1.9a)
\pgf@plot@mark@count=\count348
\pgfplotmarksize=\dimen330
)
\tikz@lastx=\dimen331
\tikz@lasty=\dimen332
\tikz@lastxsaved=\dimen333
\tikz@lastysaved=\dimen334
\tikz@lastmovetox=\dimen335
\tikz@lastmovetoy=\dimen336
\tikzleveldistance=\dimen337
\tikzsiblingdistance=\dimen338
\tikz@figbox=\box67
\tikz@figbox@bg=\box68
\tikz@tempbox=\box69
\tikz@tempbox@bg=\box70
\tikztreelevel=\count349
\tikznumberofchildren=\count350
\tikznumberofcurrentchild=\count351
\tikz@fig@count=\count352

(e:/LaTeX/Tex Live/2022/texmf-dist/tex/generic/pgf/modules/pgfmodulematrix.code
.tex
File: pgfmodulematrix.code.tex 2021/05/15 v3.1.9a (3.1.9a)
\pgfmatrixcurrentrow=\count353
\pgfmatrixcurrentcolumn=\count354
\pgf@matrix@numberofcolumns=\count355
)
\tikz@expandcount=\count356

(e:/LaTeX/Tex Live/2022/texmf-dist/tex/generic/pgf/frontendlayer/tikz/libraries
/tikzlibrarytopaths.code.tex
File: tikzlibrarytopaths.code.tex 2021/05/15 v3.1.9a (3.1.9a)
)))
(e:/LaTeX/Tex Live/2022/texmf-dist/tex/latex/units/nicefrac.sty
Package: nicefrac 1998/08/04 v0.9b Nice fractions
\L@UnitsRaiseDisplaystyle=\skip72
\L@UnitsRaiseTextstyle=\skip73
\L@UnitsRaiseScriptstyle=\skip74
)
(e:/LaTeX/Tex Live/2022/texmf-dist/tex/latex/arydshln/arydshln.sty
Package: arydshln 2019/02/21 v1.76 
\dashlinedash=\dimen339
\dashlinegap=\dimen340
\adl@box=\box71
\adl@height=\dimen341
\adl@heightsave=\dimen342
\adl@depth=\dimen343
\adl@depthsave=\dimen344
\adl@finaldepth=\dimen345
\adl@columns=\count357
\adl@ncol=\count358
\adl@currentcolumn=\count359
\adl@currentcolumnsave=\count360
\adl@totalheight=\count361
\adl@totalheightsave=\count362
\adl@dash=\count363
\adl@gap=\count364
\adl@cla=\count365
\adl@clb=\count366
\adl@everyvbox=\toks47
\adl@LTpagetotal=\dimen346
)
(e:/LaTeX/Tex Live/2022/texmf-dist/tex/generic/pgf/frontendlayer/tikz/libraries
/tikzlibrarycalc.code.tex
File: tikzlibrarycalc.code.tex 2021/05/15 v3.1.9a (3.1.9a)
)
(e:/LaTeX/Tex Live/2022/texmf-dist/tex/generic/pgf/frontendlayer/tikz/libraries
/tikzlibrarypositioning.code.tex
File: tikzlibrarypositioning.code.tex 2021/05/15 v3.1.9a (3.1.9a)
)
(e:/LaTeX/Tex Live/2022/texmf-dist/tex/generic/pgf/frontendlayer/tikz/libraries
/tikzlibrarymatrix.code.tex
File: tikzlibrarymatrix.code.tex 2021/05/15 v3.1.9a (3.1.9a)
)
(e:/LaTeX/Tex Live/2022/texmf-dist/tex/generic/pgf/frontendlayer/tikz/libraries
/tikzlibrarydecorations.pathreplacing.code.tex
(e:/LaTeX/Tex Live/2022/texmf-dist/tex/generic/pgf/frontendlayer/tikz/libraries
/tikzlibrarydecorations.code.tex
(e:/LaTeX/Tex Live/2022/texmf-dist/tex/generic/pgf/modules/pgfmoduledecorations
.code.tex
\pgfdecoratedcompleteddistance=\dimen347
\pgfdecoratedremainingdistance=\dimen348
\pgfdecoratedinputsegmentcompleteddistance=\dimen349
\pgfdecoratedinputsegmentremainingdistance=\dimen350
\pgf@decorate@distancetomove=\dimen351
\pgf@decorate@repeatstate=\count367
\pgfdecorationsegmentamplitude=\dimen352
\pgfdecorationsegmentlength=\dimen353
)
\tikz@lib@dec@box=\box72
)
(e:/LaTeX/Tex Live/2022/texmf-dist/tex/generic/pgf/libraries/decorations/pgflib
rarydecorations.pathreplacing.code.tex))
\c@thm=\count368

(e:/LaTeX/Tex Live/2022/texmf-dist/tex/latex/titlesec/titlesec.sty
Package: titlesec 2021/07/05 v2.14 Sectioning titles
\ttl@box=\box73
\beforetitleunit=\skip75
\aftertitleunit=\skip76
\ttl@plus=\dimen354
\ttl@minus=\dimen355
\ttl@toksa=\toks48
\titlewidth=\dimen356
\titlewidthlast=\dimen357
\titlewidthfirst=\dimen358
) (./NCDE.aux)
\openout1 = `NCDE.aux'.

LaTeX Font Info:    Checking defaults for OML/cmm/m/it on input line 104.
LaTeX Font Info:    ... okay on input line 104.
LaTeX Font Info:    Checking defaults for OMS/cmsy/m/n on input line 104.
LaTeX Font Info:    ... okay on input line 104.
LaTeX Font Info:    Checking defaults for OT1/cmr/m/n on input line 104.
LaTeX Font Info:    ... okay on input line 104.
LaTeX Font Info:    Checking defaults for T1/cmr/m/n on input line 104.
LaTeX Font Info:    ... okay on input line 104.
LaTeX Font Info:    Checking defaults for TS1/cmr/m/n on input line 104.
LaTeX Font Info:    ... okay on input line 104.
LaTeX Font Info:    Checking defaults for TU/lmr/m/n on input line 104.
LaTeX Font Info:    ... okay on input line 104.
LaTeX Font Info:    Checking defaults for OMX/cmex/m/n on input line 104.
LaTeX Font Info:    ... okay on input line 104.
LaTeX Font Info:    Checking defaults for U/cmr/m/n on input line 104.
LaTeX Font Info:    ... okay on input line 104.
LaTeX Font Info:    Checking defaults for PD1/pdf/m/n on input line 104.
LaTeX Font Info:    ... okay on input line 104.
LaTeX Font Info:    Checking defaults for PU/pdf/m/n on input line 104.
LaTeX Font Info:    ... okay on input line 104.

Package fontspec Info: Adjusting the maths setup (use [no-math] to avoid
(fontspec)             this).

\symlegacymaths=\mathgroup7
LaTeX Font Info:    Overwriting symbol font `legacymaths' in version `bold'
(Font)                  OT1/cmr/m/n --> OT1/cmr/bx/n on input line 104.
LaTeX Font Info:    Redeclaring math accent \acute on input line 104.
LaTeX Font Info:    Redeclaring math accent \grave on input line 104.
LaTeX Font Info:    Redeclaring math accent \ddot on input line 104.
LaTeX Font Info:    Redeclaring math accent \tilde on input line 104.
LaTeX Font Info:    Redeclaring math accent \bar on input line 104.
LaTeX Font Info:    Redeclaring math accent \breve on input line 104.
LaTeX Font Info:    Redeclaring math accent \check on input line 104.
LaTeX Font Info:    Redeclaring math accent \hat on input line 104.
LaTeX Font Info:    Redeclaring math accent \dot on input line 104.
LaTeX Font Info:    Redeclaring math accent \mathring on input line 104.
LaTeX Font Info:    Redeclaring math symbol \Gamma on input line 104.
LaTeX Font Info:    Redeclaring math symbol \Delta on input line 104.
LaTeX Font Info:    Redeclaring math symbol \Theta on input line 104.
LaTeX Font Info:    Redeclaring math symbol \Lambda on input line 104.
LaTeX Font Info:    Redeclaring math symbol \Xi on input line 104.
LaTeX Font Info:    Redeclaring math symbol \Pi on input line 104.
LaTeX Font Info:    Redeclaring math symbol \Sigma on input line 104.
LaTeX Font Info:    Redeclaring math symbol \Upsilon on input line 104.
LaTeX Font Info:    Redeclaring math symbol \Phi on input line 104.
LaTeX Font Info:    Redeclaring math symbol \Psi on input line 104.
LaTeX Font Info:    Redeclaring math symbol \Omega on input line 104.
LaTeX Font Info:    Redeclaring math symbol \mathdollar on input line 104.
LaTeX Font Info:    Redeclaring symbol font `operators' on input line 104.
LaTeX Font Info:    Encoding `OT1' has changed to `TU' for symbol font
(Font)              `operators' in the math version `normal' on input line 104.

LaTeX Font Info:    Overwriting symbol font `operators' in version `normal'
(Font)                  OT1/cmr/m/n --> TU/lmr/m/n on input line 104.
LaTeX Font Info:    Encoding `OT1' has changed to `TU' for symbol font
(Font)              `operators' in the math version `bold' on input line 104.
LaTeX Font Info:    Overwriting symbol font `operators' in version `bold'
(Font)                  OT1/cmr/bx/n --> TU/lmr/m/n on input line 104.
LaTeX Font Info:    Overwriting symbol font `operators' in version `normal'
(Font)                  TU/lmr/m/n --> TU/lmr/m/n on input line 104.
LaTeX Font Info:    Overwriting math alphabet `\mathit' in version `normal'
(Font)                  OT1/cmr/m/it --> TU/lmr/m/it on input line 104.
LaTeX Font Info:    Overwriting math alphabet `\mathbf' in version `normal'
(Font)                  OT1/cmr/bx/n --> TU/lmr/b/n on input line 104.
LaTeX Font Info:    Overwriting math alphabet `\mathsf' in version `normal'
(Font)                  OT1/cmss/m/n --> TU/lmss/m/n on input line 104.
LaTeX Font Info:    Overwriting math alphabet `\mathtt' in version `normal'
(Font)                  OT1/cmtt/m/n --> TU/lmtt/m/n on input line 104.
LaTeX Font Info:    Overwriting symbol font `operators' in version `bold'
(Font)                  TU/lmr/m/n --> TU/lmr/b/n on input line 104.
LaTeX Font Info:    Overwriting math alphabet `\mathit' in version `bold'
(Font)                  OT1/cmr/bx/it --> TU/lmr/b/it on input line 104.
LaTeX Font Info:    Overwriting math alphabet `\mathsf' in version `bold'
(Font)                  OT1/cmss/bx/n --> TU/lmss/b/n on input line 104.
LaTeX Font Info:    Overwriting math alphabet `\mathtt' in version `bold'
(Font)                  OT1/cmtt/m/n --> TU/lmtt/b/n on input line 104.
Package hyperref Info: Link coloring OFF on input line 104.
 (e:/LaTeX/Tex Live/2022/texmf-dist/tex/latex/hyperref/nameref.sty
Package: nameref 2021-04-02 v2.47 Cross-referencing by name of section

(e:/LaTeX/Tex Live/2022/texmf-dist/tex/latex/refcount/refcount.sty
Package: refcount 2019/12/15 v3.6 Data extraction from label references (HO)
)
(e:/LaTeX/Tex Live/2022/texmf-dist/tex/generic/gettitlestring/gettitlestring.st
y
Package: gettitlestring 2019/12/15 v1.6 Cleanup title references (HO)
)
\c@section@level=\count369
)
LaTeX Info: Redefining \ref on input line 104.
LaTeX Info: Redefining \pageref on input line 104.
LaTeX Info: Redefining \nameref on input line 104.
 (./NCDE.out) (./NCDE.out)
\@outlinefile=\write4
\openout4 = `NCDE.out'.

Package caption Info: Begin \AtBeginDocument code.
Package caption Info: End \AtBeginDocument code.
LaTeX Font Info:    Trying to load font information for U+msa on input line 106
.

(e:/LaTeX/Tex Live/2022/texmf-dist/tex/latex/amsfonts/umsa.fd
File: umsa.fd 2013/01/14 v3.01 AMS symbols A
)
LaTeX Font Info:    Trying to load font information for U+msb on input line 106
.

(e:/LaTeX/Tex Live/2022/texmf-dist/tex/latex/amsfonts/umsb.fd
File: umsb.fd 2013/01/14 v3.01 AMS symbols B
)
LaTeX Font Info:    Trying to load font information for U+rsfs on input line 10
6.

(e:/LaTeX/Tex Live/2022/texmf-dist/tex/latex/jknapltx/ursfs.fd
File: ursfs.fd 1998/03/24 rsfs font definition file (jk)
)

Package fontspec Info: Could not resolve font "FangSong/BI" (it probably
(fontspec)             doesn't exist).


Package fontspec Info: Could not resolve font "FangSong/B" (it probably
(fontspec)             doesn't exist).


Package fontspec Info: Could not resolve font "FangSong/I" (it probably
(fontspec)             doesn't exist).


Package fontspec Info: Font family 'FangSong(0)' created for font 'FangSong'
(fontspec)             with options [Script={CJK}].
(fontspec)              
(fontspec)              This font family consists of the following NFSS
(fontspec)             series/shapes:
(fontspec)              
(fontspec)             - 'normal' (m/n) with NFSS spec.:
(fontspec)             <->"FangSong/OT:script=hani;language=dflt;"
(fontspec)             - 'small caps'  (m/sc) with NFSS spec.: 


Overfull \hbox (27.97655pt too wide) in paragraph at lines 106--106
 [][] 
 []

[1

]

LaTeX Font Warning: Font shape `U/rsfs/m/n' in size <10.53937> not available
(Font)              size <10.95> substituted on input line 117.


LaTeX Font Warning: Font shape `U/rsfs/m/n' in size <7.52812> not available
(Font)              size <8> substituted on input line 133.

LaTeX Font Info:    Font shape `TU/SimSun(0)/m/sl' in size <10.53937> not avail
able
(Font)              Font shape `TU/SimSun(0)/m/it' tried instead on input line 
135.
[2]
Overfull \hbox (1.15985pt too wide) in paragraph at lines 144--145
[]\TU/SimSun(0)/m/n/10.53937 我 们 的 代 码 可 以 在 []$[][][][][] [] [] [] [][][][][][
] [] [][][] [] [][][][][][][][][][][][][][][] [] [][][][][][][][][]$[]
 []


Overfull \hbox (38.97113pt too wide) in paragraph at lines 144--145
\TU/SimSun(0)/m/n/10.53937 获 取。|  我 们 也 发 布 了 一 个 库 \TU/lmtt/m/n/10.53937 torch
cde\TU/SimSun(0)/m/n/10.53937 ，|  位 于 []$[][][][][] [] [] [] [][][][][][] [] []
[][] [] [][][][][][][][][][][][][][][] []
 []

[3]
Overfull \hbox (76.63pt too wide) in paragraph at lines 161--162
\TU/SimSun(0)/m/n/10.53937 假 设 我 们 有 一 个 完 全 观 测 但 可 能 是 不 规 则 采 样 的 时 间 序 列 $[
] \OT1/cmr/m/n/10.53937 = ((\OML/cmm/m/it/10.53937 t[]; x[]\OT1/cmr/m/n/10.5393
7 )\OML/cmm/m/it/10.53937 ; \OT1/cmr/m/n/10.53937 (\OML/cmm/m/it/10.53937 t[]; 
x[]\OT1/cmr/m/n/10.53937 )\OML/cmm/m/it/10.53937 ; [] ; \OT1/cmr/m/n/10.53937 (
\OML/cmm/m/it/10.53937 t[]; x[]\OT1/cmr/m/n/10.53937 ))$\TU/SimSun(0)/m/n/10.53
937 ，|
 []


! Package tikz Error: A node must have a (possibly empty) label text.

See the tikz package documentation for explanation.
Type  H <return>  for immediate help.
 ...                                              
                                                  
l.210 ^^I\mainpicturedata
                         
This error message was generated by an \errmessage
command, so I can't give any explicit help.
Pretend that you're Hercule Poirot: Examine all clues,
and deduce the truth by order and method.


! Package tikz Error: A node must have a (possibly empty) label text.

See the tikz package documentation for explanation.
Type  H <return>  for immediate help.
 ...                                              
                                                  
l.210 ^^I\mainpicturedata
                         
(That was another \errmessage.)


! Package tikz Error: A node must have a (possibly empty) label text.

See the tikz package documentation for explanation.
Type  H <return>  for immediate help.
 ...                                              
                                                  
l.210 ^^I\mainpicturedata
                         
(That was another \errmessage.)


! Package tikz Error: A node must have a (possibly empty) label text.

See the tikz package documentation for explanation.
Type  H <return>  for immediate help.
 ...                                              
                                                  
l.210 ^^I\mainpicturedata
                         
(That was another \errmessage.)


Overfull \hbox (29.38507pt too wide) in paragraph at lines 228--230
 [][] 
 []


! Package tikz Error: A node must have a (possibly empty) label text.

See the tikz package documentation for explanation.
Type  H <return>  for immediate help.
 ...                                              
                                                  
l.234 ^^I\mainpicturedata
                         
(That was another \errmessage.)


! Package tikz Error: A node must have a (possibly empty) label text.

See the tikz package documentation for explanation.
Type  H <return>  for immediate help.
 ...                                              
                                                  
l.234 ^^I\mainpicturedata
                         
(That was another \errmessage.)


! Package tikz Error: A node must have a (possibly empty) label text.

See the tikz package documentation for explanation.
Type  H <return>  for immediate help.
 ...                                              
                                                  
l.234 ^^I\mainpicturedata
                         
(That was another \errmessage.)


! Package tikz Error: A node must have a (possibly empty) label text.

See the tikz package documentation for explanation.
Type  H <return>  for immediate help.
 ...                                              
                                                  
l.234 ^^I\mainpicturedata
                         
(That was another \errmessage.)


! Package tikz Error: Cannot parse this coordinate.

See the tikz package documentation for explanation.
Type  H <return>  for immediate help.
 ...                                              
                                                  
l.239 ...rols ++(185+180:0.3) and ++ (165:0.7) ..;
                                                  
(That was another \errmessage.)


Overfull \hbox (29.38507pt too wide) in paragraph at lines 282--284
 [][] 
 []

[4]
Package hyperref Info: bookmark level for unknown thm-informal defaults to 0 on
 input line 291.

Overfull \hbox (24.1917pt too wide) in paragraph at lines 291--292
[]\TU/lmr/bx/n/10.53937 Theorem (Informal). []\TU/SimSun(0)/m/it/10.53937 线 性 映
 射 在 神 经 \TU/lmr/m/it/10.53937 CDE \TU/SimSun(0)/m/it/10.53937 终 端 值 上 的 作 用 是 
从 $\OMS/cmsy/m/n/10.53937 f[]\U/msb/m/n/10.53937 R[]\OMS/cmsy/m/n/10.53937 g$
 []

[5] [6] [7] [8]
Overfull \hbox (62.61734pt too wide) in paragraph at lines 372--382
 [][] 
 []


Overfull \hbox (13.3267pt too wide) in paragraph at lines 384--384
|[]\TU/lmr/bx/n/12.045 Observational intensity with PhysioNet sepsis prediction
| 
 []

[9]
Overfull \hbox (21.75545pt too wide) in paragraph at lines 399--409
 [][] 
 []

[10]
Overfull \hbox (42.55241pt too wide) in paragraph at lines 421--431
 [][] 
 []


Underfull \hbox (badness 10000) in paragraph at lines 416--431
\TU/lmr/m/n/10.53937 161\TU/SimSun(0)/m/n/10.53937 ，|  有 \TU/lmr/m/n/10.53937 2
0 \TU/SimSun(0)/m/n/10.53937 个 通 道。|
 []

[11]

! LaTeX Error: Environment rations undefined.

See the LaTeX manual or LaTeX Companion for explanation.
Type  H <return>  for immediate help.
 ...                                              
                                                  
l.465 \begin{rations}
                     
Your command was ignored.
Type  I <command> <return>  to replace it with another command,
or  <return>  to continue without it.

[12] [13]

! LaTeX Error: \begin{document} ended by \end{rations}.

See the LaTeX manual or LaTeX Companion for explanation.
Type  H <return>  for immediate help.
 ...                                              
                                                  
l.494 \end{rations}
                   s 对于最终的仿射变换，其大小为 $\bigO(\omega v w)$，这很容易变得非常大。在我们的实验中，我们...

Your command was ignored.
Type  I <command> <return>  to replace it with another command,
or  <return>  to continue without it.

[14]

! LaTeX Error: Environment ack undefined.

See the LaTeX manual or LaTeX Companion for explanation.
Type  H <return>  for immediate help.
 ...                                              
                                                  
l.528 \begin{ack}
                 
Your command was ignored.
Type  I <command> <return>  to replace it with another command,
or  <return>  to continue without it.


! LaTeX Error: \begin{document} ended by \end{ack}.

See the LaTeX manual or LaTeX Companion for explanation.
Type  H <return>  for immediate help.
 ...                                              
                                                  
l.530 \end{ack}
               
Your command was ignored.
Type  I <command> <return>  to replace it with another command,
or  <return>  to continue without it.

[15] (./NCDE.bbl
Underfull \hbox (badness 10000) in paragraph at lines 24--27
[]\TU/lmr/m/n/9.03374 A. Gelman and J. Hill, \TU/lmr/m/it/9.03374 Data Analysis
 Using Regression and
 []

[16]
Underfull \hbox (badness 2277) in paragraph at lines 67--71
\TU/lmr/m/n/9.03374 Equations for Irregularly-Sampled Time Series,” in \TU/lmr/
m/it/9.03374 Advances in Neural
 []


Overfull \hbox (3.02664pt too wide) in paragraph at lines 120--122
[]\TU/lmr/m/n/9.03374 R. T. Q. Chen, “torchdiffeq,” 2018.  \TU/lmtt/m/n/9.03374
 https://github.com/rtqichen/torchdiffeq\TU/lmr/m/n/9.03374 . 
 []

[17]
Underfull \hbox (badness 1509) in paragraph at lines 153--156
\TU/lmr/m/n/9.03374 and E. Keogh, “The uea multivariate time series classificat
ion archive,”
 []


Underfull \hbox (badness 7504) in paragraph at lines 189--192
[]\TU/lmr/m/n/9.03374 R. Deng, B. Chang, M. Brubaker, G. Mori, and A. Lehrmann,

 []

[18] [19]
Underfull \hbox (badness 1406) in paragraph at lines 272--275
[]\TU/lmr/m/n/9.03374 A. Quaglino, M. Gallieri, J. Masci, and J. Koutník, “Snod
e: Spectral
 []


Underfull \hbox (badness 2318) in paragraph at lines 272--275
\TU/lmr/m/n/9.03374 discretization of neural odes for system identification,” i
n \TU/lmr/m/it/9.03374 International
 []

[20]) [21]

LaTeX Font Warning: Font shape `U/rsfs/m/n' in size <15.05624> not available
(Font)              size <14.4> substituted on input line 544.


Package hyperref Warning: Token not allowed in a PDF string (Unicode):
(hyperref)                removing `math shift' on input line 544.


Package hyperref Warning: Token not allowed in a PDF string (Unicode):
(hyperref)                removing `math shift' on input line 544.

[22]
Package hyperref Info: bookmark level for unknown definition defaults to 0 on i
nput line 589.
 [23]
Overfull \hbox (22.52339pt too wide) in paragraph at lines 597--598
[][]\TU/lmr/bx/n/10.53937 Definition B.2. []\TU/SimSun(0)/m/n/10.53937 对 于 任 何 
$[] \OMS/cmsy/m/n/10.53937 2 V[]\OT1/cmr/m/n/10.53937 ([\OML/cmm/m/it/10.53937 
^^\; T\OT1/cmr/m/n/10.53937 ]; \U/msb/m/n/10.53937 R[]\OT1/cmr/m/n/10.53937 )$\
TU/SimSun(0)/m/n/10.53937 ，|  令 $\OML/cmm/m/it/10.53937 X[] \OT1/cmr/m/n/10.539
37 = ([]\OML/cmm/m/it/10.53937 ; t\OT1/cmr/m/n/10.53937 ) \OMS/cmsy/m/n/10.5393
7 2 V[]\OT1/cmr/m/n/10.53937 ([\OML/cmm/m/it/10.53937 ^^\; T\OT1/cmr/m/n/10.539
37 ]; \U/msb/m/n/10.53937 R[]\OT1/cmr/m/n/10.53937 )$\TU/SimSun(0)/m/n/10.53937
 。|
 []

[24]
Underfull \hbox (badness 10000) in paragraph at lines 649--651

 []

Package hyperref Info: bookmark level for unknown thm defaults to 0 on input li
ne 660.
[25] [26]
! Missing $ inserted.
<inserted text> 
                $
l.739 ...n \widehat{X} \mapsto \ell(z^X_T)${\kappa
                                                  (N, v), u}$。
I've inserted a begin-math/end-math symbol since I think
you left one out. Proceed, with fingers crossed.

! Extra }, or forgotten $.
l.739 ...{X} \mapsto \ell(z^X_T)${\kappa(N, v), u}
                                                  $。
I've deleted a group-closing symbol because it seems to be
spurious, as in `$x}$'. But perhaps the } is legitimate and
you forgot something else, as in `\hbox{$x}'. In such cases
the way to recover is to insert both the forgotten and the
deleted material, e.g., by typing `I$}'.

! Missing } inserted.
<inserted text> 
                }
l.746 \end{proof}
                 
I've inserted something that you may have forgotten.
(See the <inserted text> above.)
With luck, this will get me unwedged. But if you
really didn't forget anything, try typing `2' now; then
my insertion and my current dilemma will both disappear.

Package hyperref Info: bookmark level for unknown lemma defaults to 0 on input 
line 747.
[27]
Overfull \hbox (14.33623pt too wide) in paragraph at lines 751--752
[]$\OML/cmm/m/it/10.53937 K$ \TU/lmr/m/n/10.53937 is bounded in $\OML/cmm/m/it/
10.53937 C[]\OT1/cmr/m/n/10.53937 ([\OML/cmm/m/it/10.53937 ^^\; T\OT1/cmr/m/n/1
0.53937 ]\OML/cmm/m/it/10.53937 ; \U/msb/m/n/10.53937 R[]\OT1/cmr/m/n/10.53937 
)$ \TU/lmr/m/n/10.53937 so it is relatively compact in $\OML/cmm/m/it/10.53937 
C[]\OT1/cmr/m/n/10.53937 ([\OML/cmm/m/it/10.53937 ^^\; T\OT1/cmr/m/n/10.53937 ]
\OML/cmm/m/it/10.53937 ; \U/msb/m/n/10.53937 R[]\OT1/cmr/m/n/10.53937 )$\TU/lmr
/m/n/10.53937 . 
 []


Overfull \hbox (4.71542pt too wide) detected at line 763
[][] \OT1/cmr/m/n/10.53937 + [][]   + [][] \OML/cmm/m/it/10.53937 < C [][] [][]
 \OT1/cmr/m/n/10.53937 ([] \OML/cmm/m/it/10.53937 ^^\[]\OT1/cmr/m/n/10.53937 )[
]([][] + ([] \OML/cmm/m/it/10.53937 ^^\[]\OT1/cmr/m/n/10.53937 )[])\OML/cmm/m/i
t/10.53937 :
 []

[28]

LaTeX Warning: Reference `eq:c' on page 29 undefined on input line 778.


LaTeX Warning: Reference `eq:d' on page 29 undefined on input line 778.


LaTeX Warning: Reference `eq:spline-bound-1' on page 29 undefined on input line
 789.


LaTeX Warning: Reference `eq:spline-bound-3' on page 29 undefined on input line
 789.


Overfull \hbox (71.89575pt too wide) detected at line 795
[][][] [] \OT1/cmr/m/n/10.53937 = [] \OML/cmm/m/it/10.53937 :
 []

! Too many }'s.
<recently read> }
                 
l.801 \end{definition}]}
                        {\reals^v}$ 作为使得 $\iota$ 连续的最弱拓扑。
You've closed more groups than you opened.
Such booboos are generally harmless, so keep going.


! LaTeX Error: \mathbb allowed only in math mode.

See the LaTeX manual or LaTeX Companion for explanation.
Type  H <return>  for immediate help.
 ...                                              
                                                  
l.801 \end{definition}]}{\reals
                               ^v}$ 作为使得 $\iota$ 连续的最弱拓扑。
You're in trouble here.  Try typing  <return>  to proceed.
If that doesn't work, type  X <return>  to quit.

! Missing $ inserted.
<inserted text> 
                $
l.801 \end{definition}]}{\reals^
                                v}$ 作为使得 $\iota$ 连续的最弱拓扑。
I've inserted a begin-math/end-math symbol since I think
you left one out. Proceed, with fingers crossed.

! Extra }, or forgotten $.
l.801 \end{definition}]}{\reals^v}
                                  $ 作为使得 $\iota$ 连续的最弱拓扑。
I've deleted a group-closing symbol because it seems to be
spurious, as in `$x}$'. But perhaps the } is legitimate and
you forgot something else, as in `\hbox{$x}'. In such cases
the way to recover is to insert both the forgotten and the
deleted material, e.g., by typing `I$}'.

Package hyperref Info: bookmark level for unknown remark defaults to 0 on input
 line 809.

Overfull \hbox (12.08998pt too wide) in paragraph at lines 809--810
[] \OT1/cmr/m/n/10.53937 = [][]$\TU/SimSun(0)/m/n/10.53937 。|  这 只 是 个 半 范 数，| 
 因 为 例 如 $\OT1/cmr/m/n/10.53937 ((0\OML/cmm/m/it/10.53937 ; \OT1/cmr/m/n/10.539
37 0)\OML/cmm/m/it/10.53937 ; \OT1/cmr/m/n/10.53937 (2\OML/cmm/m/it/10.53937 ; 
\OT1/cmr/m/n/10.53937 2))$ \TU/SimSun(0)/m/n/10.53937 和 $\OT1/cmr/m/n/10.53937 
((0\OML/cmm/m/it/10.53937 ; \OT1/cmr/m/n/10.53937 0)\OML/cmm/m/it/10.53937 ; \O
T1/cmr/m/n/10.53937 (1\OML/cmm/m/it/10.53937 ; \OT1/cmr/m/n/10.53937 1)\OML/cmm
/m/it/10.53937 ; \OT1/cmr/m/n/10.53937 (2\OML/cmm/m/it/10.53937 ; \OT1/cmr/m/n/
10.53937 2))$
 []

[29] [30] [31]
Overfull \hbox (32.48834pt too wide) in paragraph at lines 890--891
[]\TU/SimSun(0)/m/it/10.53937 令 $\OMS/cmsy/m/n/10.53937 Y \OT1/cmr/m/n/10.53937
 = []$ \TU/SimSun(0)/m/it/10.53937 和 $\OMS/cmsy/m/n/10.53937 Z \OT1/cmr/m/n/10.
53937 = []$\TU/SimSun(0)/m/it/10.53937 。| 
 []


Underfull \hbox (badness 10000) in paragraph at lines 902--903

 []

[32]
Overfull \hbox (83.59032pt too wide) detected at line 949
\OT1/cmr/m/n/10.53937 (\OML/cmm/m/it/10.53937 X[] \OMS/cmsy/m/n/10.53937 ^^@ \O
ML/cmm/m/it/10.53937 X[] \OT1/cmr/m/n/10.53937 + \OML/cmm/m/it/10.53937 ^^P[]\O
T1/cmr/m/n/10.53937 (\OML/cmm/m/it/10.53937 X[]\OT1/cmr/m/n/10.53937 )\OML/cmm/
m/it/10.53937 ; \OT1/cmr/m/n/10.53937 0\OML/cmm/m/it/10.53937 ; [] ; \OT1/cmr/m
/n/10.53937 0) = \OML/cmm/m/it/10.53937 ^^Y\OT1/cmr/m/n/10.53937 (^^D(\OML/cmm/
m/it/10.53937 X[]\OT1/cmr/m/n/10.53937 )) + [][] \OML/cmm/m/it/10.53937 h\OT1/c
mr/m/n/10.53937 ((\OML/cmm/m/it/10.53937 X[] \OMS/cmsy/m/n/10.53937 ^^@ \OML/cm
m/m/it/10.53937 X[] \OT1/cmr/m/n/10.53937 + \OML/cmm/m/it/10.53937 ^^P[]\OT1/cm
r/m/n/10.53937 (\OML/cmm/m/it/10.53937 X[]\OT1/cmr/m/n/10.53937 )\OML/cmm/m/it/
10.53937 ; ^^P[]\OT1/cmr/m/n/10.53937 (\OML/cmm/m/it/10.53937 X[]\OT1/cmr/m/n/1
0.53937 )\OML/cmm/m/it/10.53937 ; [] ; ^^P[]\OT1/cmr/m/n/10.53937 (\OML/cmm/m/i
t/10.53937 X[]\OT1/cmr/m/n/10.53937 ))\OML/cmm/m/it/10.53937 ; X[]\OT1/cmr/m/n/
10.53937 )[]\OML/cmm/m/it/10.53937 s:
 []

! Missing $ inserted.
<inserted text> 
                $
l.955 ...满足方程 \eqref{eq:impossible} 对所有可微的 $X$EQU_
                                                  8005748E__
I've inserted a begin-math/end-math symbol since I think
you left one out. Proceed, with fingers crossed.

! Missing { inserted.
<to be read again> 
                   _
l.955 ...f{eq:impossible} 对所有可微的 $X$EQU_8005748E__
                                                  
A left brace was mandatory here, so I've put one in.
You might want to delete and/or insert some corrections
so that I will find a matching right brace soon.
(If you're confused by all this, try typing `I}' now.)

! Missing $ inserted.
<inserted text> 
                $
l.956 
      
I've inserted a begin-math/end-math symbol since I think
you left one out. Proceed, with fingers crossed.

! Missing } inserted.
<inserted text> 
                }
l.956 
      
I've inserted something that you may have forgotten.
(See the <inserted text> above.)
With luck, this will get me unwedged. But if you
really didn't forget anything, try typing `2' now; then
my insertion and my current dilemma will both disappear.

! Missing } inserted.
<inserted text> 
                }
l.956 
      
I've inserted something that you may have forgotten.
(See the <inserted text> above.)
With luck, this will get me unwedged. But if you
really didn't forget anything, try typing `2' now; then
my insertion and my current dilemma will both disappear.

! Extra }, or forgotten \endgroup.
\@par ... \@noitemerr {\@@par }\fi \else {\@@par }
                                                  \fi 
l.956 
      
I've deleted a group-closing symbol because it seems to be
spurious, as in `$x}$'. But perhaps the } is legitimate and
you forgot something else, as in `\hbox{$x}'. In such cases
the way to recover is to insert both the forgotten and the
deleted material, e.g., by typing `I$}'.

[33] [34]
Overfull \hbox (54.60788pt too wide) detected at line 1037
\OML/cmm/m/it/10.53937 ^^Y\OT1/cmr/m/n/10.53937 (\OML/cmm/m/it/10.53937 z[]\OT1
/cmr/m/n/10.53937 ) = \OML/cmm/m/it/10.53937 ^^Y\OT1/cmr/m/n/10.53937 (\OML/cmm
/m/it/10.53937 ^^P\OT1/cmr/m/n/10.53937 (\OML/cmm/m/it/10.53937 X[]\OT1/cmr/m/n
/10.53937 )) + [][] \OML/cmm/m/it/10.53937 h\OT1/cmr/m/n/10.53937 (\OML/cmm/m/i
t/10.53937 ^^Y\OT1/cmr/m/n/10.53937 (\OML/cmm/m/it/10.53937 z[]\OT1/cmr/m/n/10.
53937 )\OML/cmm/m/it/10.53937 ; ^^[\OT1/cmr/m/n/10.53937 (\OML/cmm/m/it/10.5393
7 z[]\OT1/cmr/m/n/10.53937 ))[]\OML/cmm/m/it/10.53937 s \OT1/cmr/m/n/10.53937 =
 \OML/cmm/m/it/10.53937 ^^Y\OT1/cmr/m/n/10.53937 (^^D(\OML/cmm/m/it/10.53937 X[
]\OT1/cmr/m/n/10.53937 )) + [][] \OML/cmm/m/it/10.53937 h\OT1/cmr/m/n/10.53937 
(\OML/cmm/m/it/10.53937 ^^Y\OT1/cmr/m/n/10.53937 (\OML/cmm/m/it/10.53937 z[]\OT
1/cmr/m/n/10.53937 )\OML/cmm/m/it/10.53937 ; X[]\OT1/cmr/m/n/10.53937 )[]\OML/c
mm/m/it/10.53937 s:
 []

[35] [36] [37] [38] [39] (./NCDE.aux)

LaTeX Font Warning: Size substitutions with differences
(Font)              up to 0.65625pt have occurred.


LaTeX Warning: There were undefined references.

Package rerunfilecheck Info: File `NCDE.out' has not changed.
(rerunfilecheck)             Checksum: 46451266796D95C7F4F35C35E5BF1E34;3886.
 )
(\end occurred inside a group at level 1)

### simple group (level 1) entered at line 801 ({)
### bottom level 
Here is how much of TeX's memory you used:
 31736 strings out of 476179
 701158 string characters out of 5809986
 1086459 words of memory out of 5000000
 51870 multiletter control sequences out of 15000+600000
 485184 words of font info for 146 fonts, out of 8000000 for 9000
 1348 hyphenation exceptions out of 8191
 89i,20n,97p,533b,1007s stack positions out of 10000i,1000n,20000p,200000b,200000s

Output written on NCDE.pdf (39 pages).
