\BOOKMARK [1][-]{section.1}{\376\377\137\025\212\000}{}% 1
\BOOKMARK [2][-]{subsection.1.1}{\376\377\171\136\176\317\136\070\137\256\122\006\145\271\172\013}{section.1}% 2
\BOOKMARK [2][-]{subsection.1.2}{\376\377\215\041\163\056}{section.1}% 3
\BOOKMARK [1][-]{section.2}{\376\377\200\314\146\157}{}% 4
\BOOKMARK [1][-]{section.3}{\376\377\145\271\154\325}{}% 5
\BOOKMARK [2][-]{subsection.3.1}{\376\377\220\032\165\050\220\074\217\321}{section.3}% 6
\BOOKMARK [2][-]{subsection.3.2}{\376\377\213\304\117\060\171\136\176\317\000C\000D\000E\152\041\127\213}{section.3}% 7
\BOOKMARK [2][-]{subsection.3.3}{\376\377\116\016\146\377\116\343\000O\000D\000E\152\041\127\213\166\204\153\324\217\203}{section.3}% 8
\BOOKMARK [2][-]{subsection.3.4}{\376\377\220\032\217\307\117\064\226\217\145\271\154\325\213\255\176\303}{section.3}% 9
\BOOKMARK [2][-]{subsection.3.5}{\376\377\137\072\136\246\117\134\116\072\116\000\116\052\220\032\220\123}{section.3}% 10
\BOOKMARK [2][-]{subsection.3.6}{\376\377\220\350\122\006\211\302\155\113\145\160\143\156}{section.3}% 11
\BOOKMARK [2][-]{subsection.3.7}{\376\377\142\171\131\004\164\006}{section.3}% 12
\BOOKMARK [1][-]{section.4}{\376\377\133\236\232\214}{}% 13
\BOOKMARK [2][-]{subsection.4.1}{\376\377\000C\000h\000a\000r\000a\000c\000t\000e\000r\000T\000r\000a\000j\000e\000c\000t\000o\000r\000i\000e\000s\116\012\166\204\116\015\124\014\177\072\131\061\145\160\143\156\221\317}{section.4}% 14
\BOOKMARK [2][-]{subsection.4.2}{\376\377\000O\000b\000s\000e\000r\000v\000a\000t\000i\000o\000n\000a\000l\000\040\000i\000n\000t\000e\000n\000s\000i\000t\000y\000\040\000w\000i\000t\000h\000\040\000P\000h\000y\000s\000i\000o\000N\000e\000t\000\040\000s\000e\000p\000s\000i\000s\000\040\000p\000r\000e\000d\000i\000c\000t\000i\000o\000n}{section.4}% 15
\BOOKMARK [2][-]{subsection.4.3}{\376\377\117\177\165\050\213\355\227\363\124\175\116\344\166\204\211\304\122\031\145\366\225\364\136\217\122\027}{section.4}% 16
\BOOKMARK [1][-]{section.5}{\376\377\166\370\121\163\135\345\117\134}{}% 17
\BOOKMARK [1][-]{section.6}{\376\377\213\250\213\272}{}% 18
\BOOKMARK [2][-]{subsection.6.1}{\376\377\200\003\206\121\126\340\175\040}{section.6}% 19
\BOOKMARK [2][-]{subsection.6.2}{\376\377\140\047\200\375\142\200\135\347}{section.6}% 20
\BOOKMARK [2][-]{subsection.6.3}{\376\377\134\100\226\120\140\047}{section.6}% 21
\BOOKMARK [2][-]{subsection.6.4}{\376\377\147\052\147\145\135\345\117\134}{section.6}% 22
\BOOKMARK [2][-]{subsection.6.5}{\376\377\166\370\121\163\164\006\213\272}{section.6}% 23
\BOOKMARK [1][-]{section.7}{\376\377\176\323\213\272}{}% 24
\BOOKMARK [1][-]{appendix.A}{\376\377\121\166\116\326\147\204\136\372\215\357\137\204\000X\166\204\145\271\150\110}{}% 25
\BOOKMARK [2][-]{subsection.A.1}{\376\377\121\163\116\216\145\366\225\364\160\271\166\204\137\256\122\006}{appendix.A}% 26
\BOOKMARK [2][-]{subsection.A.2}{\376\377\201\352\220\002\136\224\153\145\225\177\154\102\211\343\126\150}{appendix.A}% 27
\BOOKMARK [2][-]{subsection.A.3}{\376\377\201\352\161\066\116\011\153\041\150\067\147\141}{appendix.A}% 28
\BOOKMARK [1][-]{appendix.B}{\376\377\220\032\165\050\220\074\217\321}{}% 29
\BOOKMARK [1][-]{appendix.C}{\376\377\116\016\121\166\116\326\000O\000D\000E\152\041\127\213\166\204\153\324\217\203}{}% 30
\BOOKMARK [1][-]{appendix.D}{\376\377\133\236\232\214\176\306\202\202}{}% 31
\BOOKMARK [2][-]{subsection.D.1}{\376\377\116\000\202\054\213\364\146\016}{appendix.D}% 32
\BOOKMARK [2][-]{subsection.D.2}{\376\377\000C\000h\000a\000r\000a\000c\000t\000e\000r\000T\000r\000a\000j\000e\000c\000t\000o\000r\000i\000e\000s}{appendix.D}% 33
\BOOKMARK [2][-]{subsection.D.3}{\376\377\000P\000h\000y\000s\000i\000o\000N\000e\000t\000\040\000s\000e\000p\000s\000i\000s\000\040\000p\000r\000e\000d\000i\000c\000t\000i\000o\000n}{appendix.D}% 34
\BOOKMARK [2][-]{subsection.D.4}{\376\377\213\355\227\363\124\175\116\344}{appendix.D}% 35
